ℹ️ GUI 모드로 실행합니다. CLI 관련 인자는 무시됩니다.
✅ config.json 로드 완료.
📷 카메라 0 (Logitech BRIO) 열기 시도...
✅ 카메라 준비 완료. 실제 해상도: (1280, 720), FPS: 30
GUI: 카메라 준비 완료 신호 받음 (FPS: 30.0, 해상도: (1280, 720))
🚀 로직 처리 시작...
🎙️ 악보 녹음 시작 (첫 바퀴)
📁 세션 폴더: data/20250804_163827_Rectangular_SweetSpot-CPentatonic_2.5rpm
🎵 Record Detector 초기화 완료 - 방법: color_analysis
🎵 레코드 감지기 초기화 완료
⚠️ 스핀들 자동 감지 실패, 프레임 중앙 사용
📊 기준 데이터 수집 중... (1/30)
🔇 모든 소리 끄기 메시지 전송 (다중 방법)
🔇 레코드가 없어 소리를 끕니다
📊 기준 데이터 수집 중... (2/30)
📊 기준 데이터 수집 중... (3/30)
📊 기준 데이터 수집 중... (4/30)
📊 기준 데이터 수집 중... (5/30)
📊 기준 데이터 수집 중... (6/30)
📊 기준 데이터 수집 중... (7/30)
📊 기준 데이터 수집 중... (8/30)
📊 기준 데이터 수집 중... (9/30)
📊 기준 데이터 수집 중... (10/30)
📊 기준 데이터 수집 중... (11/30)
📊 기준 데이터 수집 중... (12/30)
📊 기준 데이터 수집 중... (13/30)
📊 기준 데이터 수집 중... (14/30)
📊 기준 데이터 수집 중... (15/30)
📊 기준 데이터 수집 중... (16/30)
📊 기준 데이터 수집 중... (17/30)
📊 기준 데이터 수집 중... (18/30)
📊 기준 데이터 수집 중... (19/30)
📊 기준 데이터 수집 중... (20/30)
📊 기준 데이터 수집 중... (21/30)
📊 기준 데이터 수집 중... (22/30)
📊 기준 데이터 수집 중... (23/30)
📊 기준 데이터 수집 중... (24/30)
📊 기준 데이터 수집 중... (25/30)
📊 기준 데이터 수집 중... (26/30)
📊 기준 데이터 수집 중... (27/30)
📊 기준 데이터 수집 중... (28/30)
📊 기준 데이터 수집 중... (29/30)
📊 기준 데이터 수집 중... (30/30)
✅ 기준 데이터 수집 완료!
🛑 로직 처리 중지...
🚀 로직 처리 시작...
🎙️ 악보 녹음 시작 (첫 바퀴)
📁 세션 폴더: data/20250804_163838_Rectangular_SweetSpot-CPentatonic_2.5rpm
🎵 Record Detector 초기화 완료 - 방법: color_analysis
🎯 ROI 설정: (360, 640, 1428)
🎵 레코드 감지기 초기화 완료
⚠️ 스핀들 자동 감지 실패, 프레임 중앙 사용
📊 기준 데이터 수집 중... (1/30)
📊 기준 데이터 수집 중... (2/30)
📊 기준 데이터 수집 중... (3/30)
📊 기준 데이터 수집 중... (4/30)
📊 기준 데이터 수집 중... (5/30)
📊 기준 데이터 수집 중... (6/30)
📊 기준 데이터 수집 중... (7/30)
📊 기준 데이터 수집 중... (8/30)
📊 기준 데이터 수집 중... (9/30)
📊 기준 데이터 수집 중... (10/30)
📊 기준 데이터 수집 중... (11/30)
📊 기준 데이터 수집 중... (12/30)
📊 기준 데이터 수집 중... (13/30)
📊 기준 데이터 수집 중... (14/30)
📊 기준 데이터 수집 중... (15/30)
📊 기준 데이터 수집 중... (16/30)
📊 기준 데이터 수집 중... (17/30)
📊 기준 데이터 수집 중... (18/30)
📊 기준 데이터 수집 중... (19/30)
📊 기준 데이터 수집 중... (20/30)
📊 기준 데이터 수집 중... (21/30)
📊 기준 데이터 수집 중... (22/30)
📊 기준 데이터 수집 중... (23/30)
📊 기준 데이터 수집 중... (24/30)
📊 기준 데이터 수집 중... (25/30)
📊 기준 데이터 수집 중... (26/30)
📊 기준 데이터 수집 중... (27/30)
📊 기준 데이터 수집 중... (28/30)
📊 기준 데이터 수집 중... (29/30)
📊 기준 데이터 수집 중... (30/30)
✅ 기준 데이터 수집 완료!
🔇 모든 소리 끄기 메시지 전송 (다중 방법)
🔇 레코드가 없어 소리를 끕니다
🖼️  시각적 악보(이미지/배열) 생성 중...
✅ 악보 이미지 저장 완료: data/20250804_163838_Rectangular_SweetSpot-CPentatonic_2.5rpm/score.png
✅ 악보 배열 저장 완료: data/20250804_163838_Rectangular_SweetSpot-CPentatonic_2.5rpm/score.npy
✅ 1번째 바퀴 녹음 완료 (3개 노트)
🎼 악보 녹음 완료! 총 1바퀴
💾 악보 저장 완료: data/20250804_163838_Rectangular_SweetSpot-CPentatonic_2.5rpm/score.json
✅ 첫 바퀴 녹음 및 저장이 완료되었습니다. 실시간 OSC 전송을 계속합니다.
🛑 로직 처리 중지...
